Component: ARM Compiler 5.06 update 5 (build 528) Tool: armlink [4d35e2]

==============================================================================

Section Cross References

    startup.o(STACK) refers (Special) to heapauxi.o(.text) for __use_two_region_memory
    startup.o(HEAP) refers (Special) to heapauxi.o(.text) for __use_two_region_memory
    startup.o(RESET) refers (Special) to heapauxi.o(.text) for __use_two_region_memory
    startup.o(RESET) refers to startup.o(STACK) for StackMem
    startup.o(RESET) refers to main.o(main) for __main
    startup.o(RESET) refers to mysystickhandler.o(.text) for mySystickHandler
    startup.o(.text) refers (Special) to heapauxi.o(.text) for __use_two_region_memory
    startup.o(.text) refers to startup.o(HEAP) for HeapMem
    startup.o(.text) refers to startup.o(STACK) for StackMem
    main.o(main) refers to clockchange.o(clockChangeRoutine) for clockChange
    main.o(main) refers to pwminit.o(pwmInitializeRoutine) for pwmInit
    main.o(main) refers to initialize.o(InitializeRoutine) for initialize
    main.o(main) refers to checkbutton.o(checkButtonSubroutine) for checkButton
    main.o(main) refers to readandstore.o(readAndStoreSubroutine) for readAndStore
    main.o(main) refers to i2cinit.o(.text) for init_i2c
    main.o(main) refers to initpot.o(.text) for initPot
    main.o(main) refers to readpot.o(readPotSubroutine) for readPot
    main.o(main) refers to systick_init.o(init_isr) for InitSysTick
    mysystickhandler.o(.text) refers to i2c.o(.text) for writeToDac
    mysystickhandler.o(.text) refers to readpot.o(readPotSubroutine) for readPot
    mysystickhandler.o(.text) refers to systick_init.o(init_isr) for InitSysTick


==============================================================================

Removing Unused input sections from the image.

    Removing startup.o(HEAP), (0 bytes).
    Removing startup.o(.text), (48 bytes).

2 unused section(s) (total 48 bytes) removed from the image.

==============================================================================

Image Symbol Table

    Local Symbols

    Symbol Name                              Value     Ov Type        Size  Object(Section)

    RESET                                    0x00000000   Section      648  startup.o(RESET)
    ../clib/heapaux.c                        0x00000000   Number         0  heapauxi.o ABSOLUTE
    checkButton.s                            0x00000000   Number         0  checkbutton.o ABSOLUTE
    clockChange.s                            0x00000000   Number         0  clockchange.o ABSOLUTE
    codes\I2C.s                              0x00000000   Number         0  i2c.o ABSOLUTE
    codes\Startup.s                          0x00000000   Number         0  startup.o ABSOLUTE
    codes\SysTick_Init.s                     0x00000000   Number         0  systick_init.o ABSOLUTE
    codes\initialize.s                       0x00000000   Number         0  initialize.o ABSOLUTE
    codes\pwmInit.s                          0x00000000   Number         0  pwminit.o ABSOLUTE
    codes\readAndStore.s                     0x00000000   Number         0  readandstore.o ABSOLUTE
    dc.s                                     0x00000000   Number         0  dc.o ABSOLUTE
    i2cInit.s                                0x00000000   Number         0  i2cinit.o ABSOLUTE
    initPot.s                                0x00000000   Number         0  initpot.o ABSOLUTE
    main.s                                   0x00000000   Number         0  main.o ABSOLUTE
    mySystickHandler.s                       0x00000000   Number         0  mysystickhandler.o ABSOLUTE
    readPot.s                                0x00000000   Number         0  readpot.o ABSOLUTE
    $v0                                      0x0000026c   Number         0  startup.o(RESET)
    .text                                    0x00000288   Section      144  i2c.o(.text)
    $v0                                      0x00000288   Number         0  i2c.o(.text)
    .text                                    0x00000318   Section      148  i2cinit.o(.text)
    $v0                                      0x00000318   Number         0  i2cinit.o(.text)
    .text                                    0x000003ac   Section       40  mysystickhandler.o(.text)
    $v0                                      0x000003ac   Number         0  mysystickhandler.o(.text)
    .text                                    0x000003d4   Section      180  initpot.o(.text)
    $v0                                      0x000003d4   Number         0  initpot.o(.text)
    .text                                    0x00000488   Section        0  heapauxi.o(.text)
    InitializeRoutine                        0x00000490   Section      244  initialize.o(InitializeRoutine)
    $v0                                      0x00000490   Number         0  initialize.o(InitializeRoutine)
    checkButtonSubroutine                    0x00000584   Section       20  checkbutton.o(checkButtonSubroutine)
    $v0                                      0x00000584   Number         0  checkbutton.o(checkButtonSubroutine)
    clockChangeRoutine                       0x00000598   Section       84  clockchange.o(clockChangeRoutine)
    $v0                                      0x00000598   Number         0  clockchange.o(clockChangeRoutine)
    init_isr                                 0x000005ec   Section       76  systick_init.o(init_isr)
    $v0                                      0x000005ec   Number         0  systick_init.o(init_isr)
    main                                     0x00000638   Section       60  main.o(main)
    $v0                                      0x00000638   Number         0  main.o(main)
    pwmInitializeRoutine                     0x00000674   Section      208  pwminit.o(pwmInitializeRoutine)
    $v0                                      0x00000674   Number         0  pwminit.o(pwmInitializeRoutine)
    readAndStoreSubroutine                   0x00000744   Section       56  readandstore.o(readAndStoreSubroutine)
    $v0                                      0x00000744   Number         0  readandstore.o(readAndStoreSubroutine)
    readPotSubroutine                        0x0000077c   Section       56  readpot.o(readPotSubroutine)
    $v0                                      0x0000077c   Number         0  readpot.o(readPotSubroutine)
    STACK                                    0x20000000   Section     1024  startup.o(STACK)
    StackMem                                 0x20000000   Data           0  startup.o(STACK)

    Global Symbols

    Symbol Name                              Value     Ov Type        Size  Object(Section)

    BuildAttributes$$THM_ISAv4$E$P$D$K$B$S$7EM$VFPi3$EXTD16$VFPS$VFMA$PE$A:L22UL41UL21$X:L11$S22US41US21$IEEE1$IW$USESV6$~STKCKD$USESV7$~SHL$OSPACE$ROPI$EBA8$STANDARDLIB$REQ8$EABIv2 0x00000000   Number         0  anon$$obj.o ABSOLUTE
    __Vectors                                0x00000000   Data           0  startup.o(RESET)
    Reset_Handler                            0x0000026d   Thumb Code     0  startup.o(RESET)
    NMI_Handler                              0x00000271   Thumb Code     2  startup.o(RESET)
    HardFault_Handler                        0x00000273   Thumb Code     2  startup.o(RESET)
    MemManage_Handler                        0x00000275   Thumb Code     2  startup.o(RESET)
    BusFault_Handler                         0x00000277   Thumb Code     2  startup.o(RESET)
    UsageFault_Handler                       0x00000279   Thumb Code     2  startup.o(RESET)
    SVC_Handler                              0x0000027b   Thumb Code     2  startup.o(RESET)
    DebugMon_Handler                         0x0000027d   Thumb Code     2  startup.o(RESET)
    PendSV_Handler                           0x0000027f   Thumb Code     2  startup.o(RESET)
    SysTick_Handler                          0x00000281   Thumb Code     4  startup.o(RESET)
    ADC0Seq0_Handler                         0x00000285   Thumb Code     0  startup.o(RESET)
    ADC0Seq1_Handler                         0x00000285   Thumb Code     0  startup.o(RESET)
    ADC0Seq2_Handler                         0x00000285   Thumb Code     0  startup.o(RESET)
    ADC0Seq3_Handler                         0x00000285   Thumb Code     0  startup.o(RESET)
    ADC1Seq0_Handler                         0x00000285   Thumb Code     0  startup.o(RESET)
    ADC1Seq1_Handler                         0x00000285   Thumb Code     0  startup.o(RESET)
    ADC1Seq2_Handler                         0x00000285   Thumb Code     0  startup.o(RESET)
    ADC1Seq3_Handler                         0x00000285   Thumb Code     0  startup.o(RESET)
    CAN0_Handler                             0x00000285   Thumb Code     0  startup.o(RESET)
    CAN1_Handler                             0x00000285   Thumb Code     0  startup.o(RESET)
    CAN2_Handler                             0x00000285   Thumb Code     0  startup.o(RESET)
    Comp0_Handler                            0x00000285   Thumb Code     0  startup.o(RESET)
    Comp1_Handler                            0x00000285   Thumb Code     0  startup.o(RESET)
    Comp2_Handler                            0x00000285   Thumb Code     0  startup.o(RESET)
    Ethernet_Handler                         0x00000285   Thumb Code     0  startup.o(RESET)
    ExtBus_Handler                           0x00000285   Thumb Code     0  startup.o(RESET)
    FPU_Handler                              0x00000285   Thumb Code     0  startup.o(RESET)
    Fan0_Handler                             0x00000285   Thumb Code     0  startup.o(RESET)
    FlashCtl_Handler                         0x00000285   Thumb Code     0  startup.o(RESET)
    GPIOPortA_Handler                        0x00000285   Thumb Code     0  startup.o(RESET)
    GPIOPortB_Handler                        0x00000285   Thumb Code     0  startup.o(RESET)
    GPIOPortC_Handler                        0x00000285   Thumb Code     0  startup.o(RESET)
    GPIOPortD_Handler                        0x00000285   Thumb Code     0  startup.o(RESET)
    GPIOPortE_Handler                        0x00000285   Thumb Code     0  startup.o(RESET)
    GPIOPortF_Handler                        0x00000285   Thumb Code     0  startup.o(RESET)
    GPIOPortG_Handler                        0x00000285   Thumb Code     0  startup.o(RESET)
    GPIOPortH_Handler                        0x00000285   Thumb Code     0  startup.o(RESET)
    GPIOPortJ_Handler                        0x00000285   Thumb Code     0  startup.o(RESET)
    GPIOPortK_Handler                        0x00000285   Thumb Code     0  startup.o(RESET)
    GPIOPortL_Handler                        0x00000285   Thumb Code     0  startup.o(RESET)
    GPIOPortM_Handler                        0x00000285   Thumb Code     0  startup.o(RESET)
    GPIOPortN_Handler                        0x00000285   Thumb Code     0  startup.o(RESET)
    GPIOPortP1_Handler                       0x00000285   Thumb Code     0  startup.o(RESET)
    GPIOPortP2_Handler                       0x00000285   Thumb Code     0  startup.o(RESET)
    GPIOPortP3_Handler                       0x00000285   Thumb Code     0  startup.o(RESET)
    GPIOPortP4_Handler                       0x00000285   Thumb Code     0  startup.o(RESET)
    GPIOPortP5_Handler                       0x00000285   Thumb Code     0  startup.o(RESET)
    GPIOPortP6_Handler                       0x00000285   Thumb Code     0  startup.o(RESET)
    GPIOPortP7_Handler                       0x00000285   Thumb Code     0  startup.o(RESET)
    GPIOPortP_Handler                        0x00000285   Thumb Code     0  startup.o(RESET)
    GPIOPortQ1_Handler                       0x00000285   Thumb Code     0  startup.o(RESET)
    GPIOPortQ2_Handler                       0x00000285   Thumb Code     0  startup.o(RESET)
    GPIOPortQ3_Handler                       0x00000285   Thumb Code     0  startup.o(RESET)
    GPIOPortQ4_Handler                       0x00000285   Thumb Code     0  startup.o(RESET)
    GPIOPortQ5_Handler                       0x00000285   Thumb Code     0  startup.o(RESET)
    GPIOPortQ6_Handler                       0x00000285   Thumb Code     0  startup.o(RESET)
    GPIOPortQ7_Handler                       0x00000285   Thumb Code     0  startup.o(RESET)
    GPIOPortQ_Handler                        0x00000285   Thumb Code     0  startup.o(RESET)
    GPIOPortR_Handler                        0x00000285   Thumb Code     0  startup.o(RESET)
    GPIOPortS_Handler                        0x00000285   Thumb Code     0  startup.o(RESET)
    Hibernate_Handler                        0x00000285   Thumb Code     0  startup.o(RESET)
    I2C0_Handler                             0x00000285   Thumb Code     0  startup.o(RESET)
    I2C1_Handler                             0x00000285   Thumb Code     0  startup.o(RESET)
    I2C2_Handler                             0x00000285   Thumb Code     0  startup.o(RESET)
    I2C3_Handler                             0x00000285   Thumb Code     0  startup.o(RESET)
    I2C4_Handler                             0x00000285   Thumb Code     0  startup.o(RESET)
    I2C5_Handler                             0x00000285   Thumb Code     0  startup.o(RESET)
    I2S0_Handler                             0x00000285   Thumb Code     0  startup.o(RESET)
    LPC0_Handler                             0x00000285   Thumb Code     0  startup.o(RESET)
    PECI0_Handler                            0x00000285   Thumb Code     0  startup.o(RESET)
    PWM0Fault_Handler                        0x00000285   Thumb Code     0  startup.o(RESET)
    PWM0Generator0_Handler                   0x00000285   Thumb Code     0  startup.o(RESET)
    PWM0Generator1_Handler                   0x00000285   Thumb Code     0  startup.o(RESET)
    PWM0Generator2_Handler                   0x00000285   Thumb Code     0  startup.o(RESET)
    PWM0Generator3_Handler                   0x00000285   Thumb Code     0  startup.o(RESET)
    PWM1Fault_Handler                        0x00000285   Thumb Code     0  startup.o(RESET)
    PWM1Generator0_Handler                   0x00000285   Thumb Code     0  startup.o(RESET)
    PWM1Generator1_Handler                   0x00000285   Thumb Code     0  startup.o(RESET)
    PWM1Generator2_Handler                   0x00000285   Thumb Code     0  startup.o(RESET)
    PWM1Generator3_Handler                   0x00000285   Thumb Code     0  startup.o(RESET)
    Quadrature0_Handler                      0x00000285   Thumb Code     0  startup.o(RESET)
    Quadrature1_Handler                      0x00000285   Thumb Code     0  startup.o(RESET)
    Quadrature2_Handler                      0x00000285   Thumb Code     0  startup.o(RESET)
    SSI0_Handler                             0x00000285   Thumb Code     0  startup.o(RESET)
    SSI1_Handler                             0x00000285   Thumb Code     0  startup.o(RESET)
    SSI2_Handler                             0x00000285   Thumb Code     0  startup.o(RESET)
    SSI3_Handler                             0x00000285   Thumb Code     0  startup.o(RESET)
    SysCtl_Handler                           0x00000285   Thumb Code     0  startup.o(RESET)
    Timer0A_Handler                          0x00000285   Thumb Code     0  startup.o(RESET)
    Timer0B_Handler                          0x00000285   Thumb Code     0  startup.o(RESET)
    Timer1A_Handler                          0x00000285   Thumb Code     0  startup.o(RESET)
    Timer1B_Handler                          0x00000285   Thumb Code     0  startup.o(RESET)
    Timer2A_Handler                          0x00000285   Thumb Code     0  startup.o(RESET)
    Timer2B_Handler                          0x00000285   Thumb Code     0  startup.o(RESET)
    Timer3A_Handler                          0x00000285   Thumb Code     0  startup.o(RESET)
    Timer3B_Handler                          0x00000285   Thumb Code     0  startup.o(RESET)
    Timer4A_Handler                          0x00000285   Thumb Code     0  startup.o(RESET)
    Timer4B_Handler                          0x00000285   Thumb Code     0  startup.o(RESET)
    Timer5A_Handler                          0x00000285   Thumb Code     0  startup.o(RESET)
    Timer5B_Handler                          0x00000285   Thumb Code     0  startup.o(RESET)
    UART0_Handler                            0x00000285   Thumb Code     0  startup.o(RESET)
    UART1_Handler                            0x00000285   Thumb Code     0  startup.o(RESET)
    UART2_Handler                            0x00000285   Thumb Code     0  startup.o(RESET)
    UART3_Handler                            0x00000285   Thumb Code     0  startup.o(RESET)
    UART4_Handler                            0x00000285   Thumb Code     0  startup.o(RESET)
    UART5_Handler                            0x00000285   Thumb Code     0  startup.o(RESET)
    UART6_Handler                            0x00000285   Thumb Code     0  startup.o(RESET)
    UART7_Handler                            0x00000285   Thumb Code     0  startup.o(RESET)
    USB0_Handler                             0x00000285   Thumb Code     0  startup.o(RESET)
    WDT_Handler                              0x00000285   Thumb Code     0  startup.o(RESET)
    WideTimer0A_Handler                      0x00000285   Thumb Code     0  startup.o(RESET)
    WideTimer0B_Handler                      0x00000285   Thumb Code     0  startup.o(RESET)
    WideTimer1A_Handler                      0x00000285   Thumb Code     0  startup.o(RESET)
    WideTimer1B_Handler                      0x00000285   Thumb Code     0  startup.o(RESET)
    WideTimer2A_Handler                      0x00000285   Thumb Code     0  startup.o(RESET)
    WideTimer2B_Handler                      0x00000285   Thumb Code     0  startup.o(RESET)
    WideTimer3A_Handler                      0x00000285   Thumb Code     0  startup.o(RESET)
    WideTimer3B_Handler                      0x00000285   Thumb Code     0  startup.o(RESET)
    WideTimer4A_Handler                      0x00000285   Thumb Code     0  startup.o(RESET)
    WideTimer4B_Handler                      0x00000285   Thumb Code     0  startup.o(RESET)
    WideTimer5A_Handler                      0x00000285   Thumb Code     0  startup.o(RESET)
    WideTimer5B_Handler                      0x00000285   Thumb Code     0  startup.o(RESET)
    uDMA_Error                               0x00000285   Thumb Code     0  startup.o(RESET)
    uDMA_Handler                             0x00000285   Thumb Code     0  startup.o(RESET)
    writeToDac                               0x00000289   Thumb Code   130  i2c.o(.text)
    init_i2c                                 0x00000319   Thumb Code     0  i2cinit.o(.text)
    mySystickHandler                         0x000003ad   Thumb Code     2  mysystickhandler.o(.text)
    initPot                                  0x000003d5   Thumb Code     0  initpot.o(.text)
    __use_two_region_memory                  0x00000489   Thumb Code     2  heapauxi.o(.text)
    __rt_heap_escrow$2region                 0x0000048b   Thumb Code     2  heapauxi.o(.text)
    __rt_heap_expand$2region                 0x0000048d   Thumb Code     2  heapauxi.o(.text)
    initialize                               0x00000491   Thumb Code   188  initialize.o(InitializeRoutine)
    checkButton                              0x00000585   Thumb Code    16  checkbutton.o(checkButtonSubroutine)
    clockChange                              0x00000599   Thumb Code    76  clockchange.o(clockChangeRoutine)
    InitSysTick                              0x000005ed   Thumb Code    60  systick_init.o(init_isr)
    __main                                   0x00000639   Thumb Code     0  main.o(main)
    pwmInit                                  0x00000675   Thumb Code   156  pwminit.o(pwmInitializeRoutine)
    readAndStore                             0x00000745   Thumb Code    44  readandstore.o(readAndStoreSubroutine)
    readPot                                  0x0000077d   Thumb Code    40  readpot.o(readPotSubroutine)



==============================================================================

Memory Map of the image

  Image Entry point : 0x0000026d

  Load Region LR_1 (Base: 0x00000000, Size: 0x00000bb4, Max: 0xffffffff, ABSOLUTE)

    Execution Region ER_RO (Exec base: 0x00000000, Load base: 0x00000000, Size: 0x000007b4, Max: 0xffffffff, ABSOLUTE)

    Exec Addr    Load Addr    Size         Type   Attr      Idx    E Section Name        Object

    0x00000000   0x00000000   0x00000288   Code   RO            3  * RESET               startup.o
    0x00000288   0x00000288   0x00000090   Code   RO           35    .text               i2c.o
    0x00000318   0x00000318   0x00000094   Code   RO           39    .text               i2cinit.o
    0x000003ac   0x000003ac   0x00000028   Code   RO           46    .text               mysystickhandler.o
    0x000003d4   0x000003d4   0x000000b4   Code   RO           49    .text               initpot.o
    0x00000488   0x00000488   0x00000006   Code   RO           58    .text               c_w.l(heapauxi.o)
    0x0000048e   0x0000048e   0x00000002   PAD
    0x00000490   0x00000490   0x000000f4   Code   RO           23    InitializeRoutine   initialize.o
    0x00000584   0x00000584   0x00000014   Code   RO           31    checkButtonSubroutine  checkbutton.o
    0x00000598   0x00000598   0x00000054   Code   RO           19    clockChangeRoutine  clockchange.o
    0x000005ec   0x000005ec   0x0000004c   Code   RO           42    init_isr            systick_init.o
    0x00000638   0x00000638   0x0000003c   Code   RO           16  * main                main.o
    0x00000674   0x00000674   0x000000d0   Code   RO           12    pwmInitializeRoutine  pwminit.o
    0x00000744   0x00000744   0x00000038   Code   RO           27    readAndStoreSubroutine  readandstore.o
    0x0000077c   0x0000077c   0x00000038   Code   RO           52    readPotSubroutine   readpot.o


    Execution Region ER_RW (Exec base: 0x20000000, Load base: 0x000007b4, Size: 0x00000400, Max: 0xffffffff, ABSOLUTE)

    Exec Addr    Load Addr    Size         Type   Attr      Idx    E Section Name        Object

    0x20000000   0x000007b4   0x00000400   Data   RW            1    STACK               startup.o


    Execution Region ER_ZI (Exec base: 0x20000400, Load base: 0x00000bb4, Size: 0x00000000, Max: 0xffffffff, ABSOLUTE)

    **** No section assigned to this execution region ****


==============================================================================

Image component sizes


      Code (inc. data)   RO Data    RW Data    ZI Data      Debug   Object Name

        20          4          0          0          0        348   checkbutton.o
        84          8          0          0          0        368   clockchange.o
       144         14          0          0          0        388   i2c.o
       148         40          0          0          0        240   i2cinit.o
       244         56          0          0          0        432   initialize.o
       180         42          0          0          0        256   initpot.o
        60          4          0          0          0        208   main.o
        40          4          0          0          0        228   mysystickhandler.o
       208         52          0          0          0        400   pwminit.o
        56         12          0          0          0        376   readandstore.o
        56         16          0          0          0        344   readpot.o
       648        622          0       1024          0        776   startup.o
        76         16          0          0          0        380   systick_init.o

    ----------------------------------------------------------------------
      1964        890          0       1024          0       4744   Object Totals
         0          0          0          0          0          0   (incl. Generated)
         0          0          0          0          0          0   (incl. Padding)

    ----------------------------------------------------------------------

      Code (inc. data)   RO Data    RW Data    ZI Data      Debug   Library Member Name

         6          0          0          0          0        152   heapauxi.o

    ----------------------------------------------------------------------
         8          0          0          0          0        152   Library Totals
         2          0          0          0          0          0   (incl. Padding)

    ----------------------------------------------------------------------

      Code (inc. data)   RO Data    RW Data    ZI Data      Debug   Library Name

         6          0          0          0          0        152   c_w.l

    ----------------------------------------------------------------------
         8          0          0          0          0        152   Library Totals

    ----------------------------------------------------------------------

==============================================================================


      Code (inc. data)   RO Data    RW Data    ZI Data      Debug   

      1972        890          0       1024          0       4096   Grand Totals
      1972        890          0       1024          0       4096   ELF Image Totals
      1972        890          0       1024          0          0   ROM Totals

==============================================================================

    Total RO  Size (Code + RO Data)                 1972 (   1.93kB)
    Total RW  Size (RW Data + ZI Data)              1024 (   1.00kB)
    Total ROM Size (Code + RO Data + RW Data)       2996 (   2.93kB)

==============================================================================

